Subject:Re:
El d=EDa 8 de noviembre de 2012 12:49, fernando sainz
<fernandojose.sainz@gmail.com> escribi=F3:
> El d=EDa 8 de noviembre de 2012 12:45, fernando sainz
> <fernandojose.sainz@gmail.com> escribi=F3:
>> El d=EDa 8 de noviembre de 2012 12:16, Ric Fer <rmfmontes@gmail.com> esc=
ribi=F3:
>>> Buenas. Mirar tengo una duda, he contratado un servidor could din=E1mic=
o y
>>> tengo instalada una debian lenny. El tema es que veo que todo el sistem=
a
>>> est=E1 montado en rootfs y si no me equivoco, eso significa que est=E1 =
en
>>> memoria y no en disco.
>>>
>>> Me imagino que lo tengo que hacer es crear las particiones en sda y bor=
rar
>>> todo lo que hay en rootfs... =BFhay que dejar algo en roofs para que to=
do siga
>>> funcionando bien?
>>>
>>> Os paso la salida de df y fdisk
>>>
>>> rescue:/# df -m
>>> Filesystem           1M-blocks      Used Available Use% Mounted on
>>> tmpfs                      497         0       497   0% /lib/init/rw
>>> tmpfs                      497         1       497   1% /dev/shm
>>> rootfs                     330       321        10  98% /
>>>
>>>
>>> rescue:/# fdisk -l
>>>
>>> Disk /dev/sda: 100.0 GB, 100000595968 bytes
>>> 255 heads, 63 sectors/track, 12157 cylinders
>>> Units =3D cylinders of 16065 * 512 =3D 8225280 bytes
>>> Disk identifier: 0x7ff29801
>>>
>>>    Device Boot      Start         End      Blocks   Id  System
>>> /dev/sda1               1         523     4200966   83  Linux
>>> /dev/sda2             524         785     2104515   82  Linux swap / So=
laris
>>> /dev/sda3             786       12157    91345590   8e  Linux LVM
>>>
>>>
>>>
>>>
>>> --
>>>
>>
>> Pues creo que estas equivocado, el rootfs nos aparece a todos y es el
>> sistema ra=EDz.
>> Esta montado como pone en "/"
>>
>> S2
>
> Bueno, ahora que lo miro mejor te falta algo....
> df -m
> S.ficheros                                             1M-bloques
> Usado Disponible Uso% Montado en
> rootfs                                                      73105
> 13864      55528  20% /
> udev                                                           10
> 0         10   0% /dev
> tmpfs                                                         102
> 2        100   2% /run
> /dev/disk/by-uuid/c56f9b49-9c9b-4b0a-877f-54391bf951a5      73105
> 13864      55528  20% /
> tmpfs                                                           5
> 1          5   1% /run/lock
> tmpfs                                                         612
> 1        612   1% /run/shm
>
> Ni idea de como te han montado eso...
> S2.

=BF que tienes en /etc/fstab ?


-- 
To UNSUBSCRIBE, email to debian-user-spanish-REQUEST@lists.debian.org
with a subject of "unsubscribe". Trouble? Contact listmaster@lists.debian.org
Archive: http://lists.debian.org/CAGw=rHj0Pm6qf8wTSuOKOmsyVZE7=hSxMjbevrNeUd44CWhQTw@mail.gmail.com

